2023-10-23 07:08:05,027: WARNING  Had to abort packet parsing due to the following exception: `Traceback (most recent call last):
  File "/Users/connorcolombo/Documents/PKBACK/GitHub/CubeRoverPackage/Apps/GroundSoftware/IrisBackendv3/codec/magic.py", line 98, in decode
    magic = cls(contents[0])  # type: ignore
  File "/Users/connorcolombo/.pyenv/versions/3.10.8/lib/python3.10/enum.py", line 385, in __call__
    return cls.__new__(cls, value)
  File "/Users/connorcolombo/.pyenv/versions/3.10.8/lib/python3.10/enum.py", line 710, in __new__
    raise ve_exc
ValueError: 4351 is not a valid Magic

During handling of the above exception, another exception occurred:

Traceback (most recent call last):
  File "/Users/connorcolombo/Documents/PKBACK/GitHub/CubeRoverPackage/Apps/GroundSoftware/IrisBackendv3/codec/packet_classes/iris_common.py", line 366, in decode
    payloads = extract_downlinked_payloads(
  File "/Users/connorcolombo/Documents/PKBACK/GitHub/CubeRoverPackage/Apps/GroundSoftware/IrisBackendv3/codec/payload_collection.py", line 864, in extract_downlinked_payloads
    magic = Magic.decode(magic_bytes, byte_order=endianness_code)
  File "/Users/connorcolombo/Documents/PKBACK/GitHub/CubeRoverPackage/Apps/GroundSoftware/IrisBackendv3/codec/magic.py", line 100, in decode
    raise PacketDecodingException(
IrisBackendv3.codec.exceptions.PacketDecodingException: Unable to properly decode `0xff 10 00 00` because: This set of magic bytes is correctly formatted but can't be mapped to any known Magic bytes. Check the list of known Magics in the C&TL or `magic.py`. Are the bytes backwards / using the wrong endianness?
`. The data being parsed was: 
0000  02 83 02 0E FF 10 00 C0 00 0F 58 1B 00 00 F5 FF  ..........X.....
0010  FF 10 00 C0 01 0F 58 1B 00 00 FE FF FF 10 00 C0  ......X.........
0020  02 0F 58 1B 00 00 4A FF FF 10 00 C0 03 0F 58 1B  ..X...J.......X.
0030  00 00 BB FE FF 10 00 C0 04 0F 58 1B 00 00 E1 FA  ..........X.....
0040  FF 10 00 C0 05 0F 58 1B 00 00 49 FF FF 10 00 C0  ......X...I.....
0050  05 10 7F 17 00 00 8C 0C FF 10 00 00 00 00 FF 10  ................
0060  00 C0 06 09 70 17 00 00 05 00 00 00 FF 10 00 C0  ....p...........
0070  1B 10 70 17 00 00 2D 07 FF 10 00 C0 1C 10 70 17  ..p...-.......p.
0080  00 00 41 08 FF 10 00 C0 1D 10 70 17 00 00 62 08  ..A.......p...b.
0090  FF 10 00 C0 1E 10 70 17 00 00 57 08 FF 10 00 C0  ......p...W.....
00a0  1F 10 70 17 00 00 21 08 FF 10 00 C0 20 10 70 17  ..p...!..... .p.
00b0  00 00 50 08 FF 10 00 C0 21 10 70 17 00 00 83 0E  ..P.....!.p.....
00c0  FF 10 00 C0 22 10 70 17 00 00 B0 0F FF 10 00 C0  ....".p.........
00d0  23 10 70 17 00 00 EF 08 FF 10 00 C0 24 10 70 17  #.p.........$.p.
00e0  00 00 90 08 FF 10 00 C0 25 10 70 17 00 00 24 08  ........%.p...$.
00f0  FF 10 00 C0 26 10 70 17 00 00 9B 08 FF 10 00 C0  ....&.p.........
0100  27 10 70 17 00 00 A4 08 FF 10 00 C0 28 10 70 17  '.p.........(.p.
0110  00 00 A0 08 FF 10 00 C0 29 10 70 17 00 00 0D 0E  ........).p.....
0120  FF 10 00 C0 2A 10 70 17 00 00 A0 0F AD DB EA 0D  ....*.p.........
0130  03 09 58 1B 00 00 01 5A 00 84 02 FF 10 00 C0 00  ..X....Z........
0140  0F 40 1F 00 00 F7 FF FF 10 00 C0 01 0F 40 1F 00  .@...........@..
0150  00 FD FF FF 10 00 C0 02 0F 40 1F 00 00 4D FF FF  .........@...M..
0160  10 00 C0 03 0F 40 1F 00 00 BB FE FF 10 00 C0 04  .....@..........
0170  0F 40 1F 00 00 E1 FA FF 10 00 C0 05 0F 40 1F 00  .@...........@..
0180  00 49 FF FF 10 00 C0 05 10 F0 1B 00 00 8C 0C FF  .I..............
0190  10 00 C0 10 10 F0 1B 00 00 60 FF 10 00 C0 07 09  .........`......
01a0  CC 1B 00 00 06 00 00 00 FF 10 00 C0 06 09 CC 1B  ................
01b0  00 00 06 00 00 00 FF 10 00 C0 01 09 CC 1B 00 00  ................
01c0  02 FF 10 00 C0 05 09 CC 1B 00 00 5F 00 00 00 FF  ..........._....
01d0  10 00 C0 0C 09 CC 1B 00 00 00 00 00 00 FF 10 00  ................
01e0  C0 08 09 CC 1B 00 00 00 00 00 00 FF 10 00 C0 0A  ................
01f0  09 CC 1B 00 00 00 00 00 00 FF 10 00 C0 04 09 CC  ................
0200  1B 00 00 60 00 00 00 FF 10 00 C0 0B 09 CC 1B 00  ...`............
0210  00 00 00 00 00 FF 10 00 C0 09 09 CC 1B 00 00 00  ................
0220  00 00 00 FF 10 00 C0 00 09 CC 1B 00 00 00 FF 10  ................
0230  00 C0 02 09 CC 1B 00 00 00 00 00 00 FF 10 00 C0  ................
0240  03 09 CC 1B 00 00 02 00 00 00 AD DB EA 0D 06 10  ................
0250  40 1F 00 00 9A 04 7F 03 A7 01 94 04 18 05 4E 00  @.............N.
0260  00 00 AD DB EA 0D 00 0A 98 21 00 00 00 00 00 00  .........!......
0270  50 00 00 00 0B B0 21 19 00 00 00 00 09 00 00 01  P.....!.........
0280  0B B0 21 E5 2C 00 00                             ..!.,..

