2023-10-23 05:31:46,233: WARNING  Had to abort packet parsing due to the following exception: `Traceback (most recent call last):
  File "/Users/connorcolombo/Documents/PKBACK/GitHub/CubeRoverPackage/Apps/GroundSoftware/IrisBackendv3/codec/magic.py", line 98, in decode
    magic = cls(contents[0])  # type: ignore
  File "/Users/connorcolombo/.pyenv/versions/3.10.8/lib/python3.10/enum.py", line 385, in __call__
    return cls.__new__(cls, value)
  File "/Users/connorcolombo/.pyenv/versions/3.10.8/lib/python3.10/enum.py", line 710, in __new__
    raise ve_exc
ValueError: 1865486342 is not a valid Magic

During handling of the above exception, another exception occurred:

Traceback (most recent call last):
  File "/Users/connorcolombo/Documents/PKBACK/GitHub/CubeRoverPackage/Apps/GroundSoftware/IrisBackendv3/codec/packet_classes/iris_common.py", line 366, in decode
    payloads = extract_downlinked_payloads(
  File "/Users/connorcolombo/Documents/PKBACK/GitHub/CubeRoverPackage/Apps/GroundSoftware/IrisBackendv3/codec/payload_collection.py", line 864, in extract_downlinked_payloads
    magic = Magic.decode(magic_bytes, byte_order=endianness_code)
  File "/Users/connorcolombo/Documents/PKBACK/GitHub/CubeRoverPackage/Apps/GroundSoftware/IrisBackendv3/codec/magic.py", line 100, in decode
    raise PacketDecodingException(
IrisBackendv3.codec.exceptions.PacketDecodingException: Unable to properly decode `0x06 10 31 6f` because: This set of magic bytes is correctly formatted but can't be mapped to any known Magic bytes. Check the list of known Magics in the C&TL or `magic.py`. Are the bytes backwards / using the wrong endianness?
`. The data being parsed was: 
0000  22 7E 02 56 FF 10 00 C0 22 10 61 67 01 00 77 0F  "~.V....".ag..w.
0010  FF 10 00 C0 23 10 61 67 01 00 49 09 FF 10 00 C0  ....#.ag..I.....
0020  24 10 61 67 01 00 D5 08 FF 10 00 C0 25 10 61 67  $.ag........%.ag
0030  01 00 E9 07 FF 10 00 C0 26 10 61 67 01 00 AC 08  ........&.ag....
0040  FF 10 00 C0 27 10 61 67 01 00 E8 08 FF 10 00 C0  ....'.ag........
0050  28 10 61 67 01 00 DE 08 FF 10 00 C0 29 10 61 67  (.ag........).ag
0060  01 00 1F 0E FF 10 00 C0 2A 10 61 67 01 00 96 0F  ........*.ag....
0070  AD DB EA 0D 03 09 49 6B 01 00 21 83 00 80 02 FF  ......Ik..!.....
0080  10 00 C0 00 0F 31 6F 01 00 F7 FF FF 10 00 C0 01  .....1o.........
0090  0F 31 6F 01 00 FF FF FF 10 00 C0 02 0F 31 6F 01  .1o..........1o.
00a0  00 4B FF FF 10 00 C0 03 0F 31 6F 01 00 4E FE FF  .K.......1o..N..
00b0  10 00 C0 04 0F 31 6F 01 00 FF F8 FF 10 00 C0 05  .....1o.........
00c0  0F 31 6F 01 00 F3 FE FF 10 00 C0 05 10 E0 6B 01  .1o...........k.
00d0  00 3A 0C FF 10 00 C0 10 10 E0 6B 01 00 64 FF 10  .:........k..d..
00e0  00 C0 07 09 BD 6B 01 00 60 00 00 00 FF 10 00 C0  .....k..`.......
00f0  06 09 BD 6B 01 00 60 00 00 00 FF 10 00 C0 01 09  ...k..`.........
0100  BD 6B 01 00 22 FF 10 00 C0 05 09 BD 6B 01 00 0E  .k..".......k...
0110  07 00 00 FF 10 00 C0 0C 09 BD 6B 01 00 00 00 00  ..........k.....
0120  00 FF 10 00 C0 08 09 BD 6B 01 00 01 00 00 00 FF  ........k.......
0130  10 00 C0 0A 09 BD 6B 01 00 00 00 00 00 FF 10 00  ......k.........
0140  C0 04 09 BD 6B 01 00 0F 07 00 00 FF 10 00 C0 0B  ....k...........
0150  09 BD 6B 01 00 00 00 00 00 FF 10 00 C0 09 09 BD  ..k.............
0160  6B 01 00 01 00 00 00 FF 10 00 C0 00 09 BD 6B 01  k.............k.
0170  00 00 FF 10 00 C0 02 09 BD 00 00 00 AD DB EA 0D  ................
0180  06 10 31 6F 01 00 A7 04 67 02 C8 06 BC 05 D9 04  ..1o....g.......
0190  39 00 00 01 FF 10 00 C0 00 0F 19 73 01 00 F6 FF  9..........s....
01a0  FF 10 00 C0 01 0F 19 73 01 00 FF FF FF 10 00 C0  .......s........
01b0  02 0F 19 73 01 00 4B FF FF 10 00 C0 03 0F 19 73  ...s..K........s
01c0  01 00 4E FE FF 10 00 C0 04 0F 19 73 01 00 FF F8  ..N........s....
01d0  FF 10 00 C0 05 0F 19 73 01 00 F3 FE FF 10 00 C0  .......s........
01e0  05 10 40 6F 01 00 3A 0C FF 10 00 C0 10 10 40 6F  ..@o..:.......@o
01f0  01 00 64 FF 10 00 C0 07 09 31 6F 01 00 61 00 00  ..d......1o..a..
0200  00 FF 10 00 C0 06 09 31 6F 01 00 61 00 00 00 FF  .......1o..a....
0210  10 00 C0 00 0A 19 73 01 00 D1 FF 10 00 C0 01 0A  ......s.........
0220  19 73 01 00 09 FF 10 00 C0 02 0A 19 73 01 00 00  .s..........s...
0230  00 00 00 FF 10 00 C0 03 0A 19 73 01 00 33 00 00  ..........s..3..
0240  00 FF 10 00 C0 05 0A 19 73 01 00 50 00 00 00 AD  ........s..P....
0250  DB EA 0D A0 09 1C 73 01 00 00 09 4A 6F 68 6E 20  ......s....John 
0260  4C 6F 72 65 FF 10 00 C0 00 0F 01 77 01 00 F7 FF  Lore.......w....
0270  0B B0 21 C2 00 00 00 00 60 00 00 01 0B B0 21 13  ..!.....`.....!.
0280  82 02                                            ..

2023-10-23 05:33:12,236: WARNING  Had to abort packet parsing due to the following exception: `Traceback (most recent call last):
  File "/Users/connorcolombo/Documents/PKBACK/GitHub/CubeRoverPackage/Apps/GroundSoftware/IrisBackendv3/codec/magic.py", line 98, in decode
    magic = cls(contents[0])  # type: ignore
  File "/Users/connorcolombo/.pyenv/versions/3.10.8/lib/python3.10/enum.py", line 385, in __call__
    return cls.__new__(cls, value)
  File "/Users/connorcolombo/.pyenv/versions/3.10.8/lib/python3.10/enum.py", line 710, in __new__
    raise ve_exc
ValueError: 554631360 is not a valid Magic

During handling of the above exception, another exception occurred:

Traceback (most recent call last):
  File "/Users/connorcolombo/Documents/PKBACK/GitHub/CubeRoverPackage/Apps/GroundSoftware/IrisBackendv3/codec/packet_classes/iris_common.py", line 366, in decode
    payloads = extract_downlinked_payloads(
  File "/Users/connorcolombo/Documents/PKBACK/GitHub/CubeRoverPackage/Apps/GroundSoftware/IrisBackendv3/codec/payload_collection.py", line 864, in extract_downlinked_payloads
    magic = Magic.decode(magic_bytes, byte_order=endianness_code)
  File "/Users/connorcolombo/Documents/PKBACK/GitHub/CubeRoverPackage/Apps/GroundSoftware/IrisBackendv3/codec/magic.py", line 100, in decode
    raise PacketDecodingException(
IrisBackendv3.codec.exceptions.PacketDecodingException: Unable to properly decode `0xc0 00 0f 21` because: This set of magic bytes is correctly formatted but can't be mapped to any known Magic bytes. Check the list of known Magics in the C&TL or `magic.py`. Are the bytes backwards / using the wrong endianness?
`. The data being parsed was: 
0000  49 84 02 16 FF 10 00 C0 01 0F 39 BB 02 00 FF FF  I.........9.....
0010  FF 10 00 C0 02 0F 39 BB 02 00 4B FF FF 10 00 C0  ......9...K.....
0020  03 0F 39 BB 02 00 4E FE FF 10 00 C0 04 0F 39 BB  ..9...N.......9.
0030  02 00 FF F8 FF 10 00 C0 05 0F 39 BB 02 00 F3 FE  ..........9.....
0040  FF 10 00 C0 05 10 60 B7 02 00 0D 0D FF 10 00 C0  ......`.........
0050  10 10 60 B7 02 00 63 FF 10 00 C0 07 09 52 B7 02  ..`...c......R..
0060  00 C0 00 00 00 FF 10 00 C0 06 09 52 B7 02 00 02  ...........R....
0070  FF 10 00 C0 00 0F 21 BF 02 00 F4 FF FF 10 00 C0  ......!.........
0080  01 0F 21 BF 02 00 FF FF FF 10 00 C0 02 0F 21 BF  ..!...........!.
0090  02 00 49 FF FF 10 00 C0 03 0F 21 BF 02 00 4E FE  ..I.......!...N.
00a0  FF 10 00 C0 04 0F 21 BF 02 00 FF F8 FF 10 00 C0  ......!.........
00b0  05 0F 21 BF 02 00 F3 FE FF 10 00 C0 05 10 CF BB  ..!.............
00c0  02 00 0D 0D FF 10 00 C0 10 10 CF BB 02 00 63 FF  ..............c.
00d0  10 00 C0 07 09 AD BB 02 00 C1 00 00 00 FF 10 00  ................
00e0  C0 06 09 AD BB 02 00 C1 00 00 00 FF 10 00 C0 01  ................
00f0  09 AD BB 02 00 49 FF 10 00 C0 05 09 AD BB 02 00  .....I..........
0100  0C 0E 00 00 FF 10 00 C0 0C 09 AD BB 02 00 00 00  ................
0110  00 00 FF 10 00 C0 08 09 AD BB 02 00 01 00 00 00  ................
0120  FF 10 00 C0 0A 09 AD BB 02 00 00 00 00 00 FF 10  ................
0130  00 C0 04 09 AD BB 02 00 0D 0E 00 00 FF 10 00 C0  ................
0140  0B 09 AD BB 02 00 00 00 00 00 FF 10 00 C0 09 09  ................
0150  AD BB 02 00 01 00 00 00 FF 10 00 C0 00 09 AD BB  ................
0160  02 00 00 FF 10 00 C0 02 09 AD BB 02 00 01 00 00  ................
0170  00 FF 10 00 C0 03 09 AD BB 02 00 49 00 00 00 FF  ...........I....
0180  10 00 C0 00 0A 21 BF 02 00 D1 FF 10 00 C0 01 0A  .....!..........
0190  21 BF 02 00 12 FF 10 00 C0 02 0A 21 BF 02 00 00  !..........!....
01a0  00 00 00 FF 10 00 C0 03 0A 21 BF 02 00 51 00 00  .........!...Q..
01b0  00 FF 10 00 C0 05 0A 21 BF 02 00 50 00 00 00 AD  .......!...P....
01c0  DB EA 0D 06 10 22 BF 02 00 2B 05 A2 02 C0 02 AC  ....."...+......
01d0  04 2B 05 2C 00 A4 01 FF 10 00 C0 00 0F 09 C3 02  .+.,............
01e0  00 F6 FF FF 10 00 C0 01 0F 09 C3 02 00 FE FF FF  ................
01f0  10 00 C0 02 0F 09 C3 02 00 4D FF FF 10 00 C0 03  .........M......
0200  0F 09 C3 02 00 4E FE FF 10 00 C0 04 0F 09 C3 02  .....N..........
0210  00 FF F8 FF 10 00 C0 05 0F 09 C3 02 00 F3 FE FF  ................
0220  10 00 C0 05 10 32 BF 02 00 0D 0D FF 10 00 C0 10  .....2..........
0230  10 32 BF 02 00 63 FF 10 00 C0 07 09 22 BF 02 00  .2...c......"...
0240  C2 00 00 00 FF 10 00 C0 06 09 22 BF 02 00 C2 00  ..........".....
0250  00 00 FF 10 00 C0 1B 10 21 BF 02 00 41 07 FF 10  ........!...A...
0260  00 C0 1C 10 21 BF 02 00 3F 08 FF 10 00 C0 1D 10  ....!...?.......
0270  21 BF 02 00 57 08 0B B0 21 6E 00 00 00 00 B4 00  !...W...!n......
0280  00 01 0B B0 21 81 87 02                          ....!...

